// Jest Snapshot v1, https://goo.gl/fbAQLP

exports[`CompanyCard Component matches snapshot 1`] = `
<div>
  <div
    class="bg-white dark:bg-gray-800 rounded-lg shadow-md overflow-hidden transition-transform duration-300 hover:shadow-lg hover:-translate-y-1 cursor-pointer bg-gradient-to-br from-red-100 to-yellow-50 dark:from-red-900 dark:to-yellow-950"
  >
    <div
      class="relative h-40 bg-white p-4 flex items-center justify-center"
    >
      <img
        alt="Test Company logo"
        class="max-h-full max-w-full object-contain"
        src="test-logo.png"
        style="max-height: 80%; max-width: 80%;"
      />
      <div
        class="absolute top-2 right-2"
      >
        <button
          aria-label="Bookmark company"
          class="p-1.5 bg-white dark:bg-gray-800 rounded-full shadow-md hover:bg-gray-100 dark:hover:bg-gray-700 transition-colors duration-200"
        >
          <svg
            class="lucide lucide-bookmark w-4 h-4 text-indigo-600 dark:text-indigo-400"
            fill="none"
            height="24"
            stroke="currentColor"
            stroke-linecap="round"
            stroke-linejoin="round"
            stroke-width="2"
            viewBox="0 0 24 24"
            width="24"
            xmlns="http://www.w3.org/2000/svg"
          >
            <path
              d="m19 21-7-4-7 4V5a2 2 0 0 1 2-2h10a2 2 0 0 1 2 2v16z"
            />
          </svg>
        </button>
      </div>
    </div>
    <div
      class="p-5"
    >
      <h2
        class="text-xl font-bold text-gray-900 dark:text-white mb-2"
      >
        Test Company
      </h2>
      <p
        class="text-gray-700 dark:text-gray-300 text-sm mb-4 line-clamp-2"
      >
        A test company description
      </p>
      <div
        class="mb-4"
      >
        <h3
          class="text-sm font-medium text-gray-900 dark:text-white mb-2"
        >
          Interview Process
        </h3>
        <div
          class="flex flex-wrap gap-2"
        >
          <span
            class="inline-block px-2 py-1 text-xs rounded-full bg-indigo-100 dark:bg-indigo-900 text-indigo-800 dark:text-indigo-200"
          >
            Phone Screen
          </span>
          <span
            class="inline-block px-2 py-1 text-xs rounded-full bg-indigo-100 dark:bg-indigo-900 text-indigo-800 dark:text-indigo-200"
          >
            Onsite Interview
          </span>
        </div>
      </div>
      <div
        class="flex justify-between items-center"
      >
        <span
          class="text-xs text-gray-500 dark:text-gray-400"
        >
          Avg. Duration: 
          4 hours
        </span>
        <a
          class="inline-flex items-center text-xs font-medium text-indigo-600 dark:text-indigo-400 hover:text-indigo-800 dark:hover:text-indigo-300 transition-colors duration-200"
          href="https://test.com/careers/software-engineering"
          rel="noopener noreferrer"
          target="_blank"
        >
          Careers 
          <svg
            class="lucide lucide-external-link w-3 h-3 ml-1"
            fill="none"
            height="24"
            stroke="currentColor"
            stroke-linecap="round"
            stroke-linejoin="round"
            stroke-width="2"
            viewBox="0 0 24 24"
            width="24"
            xmlns="http://www.w3.org/2000/svg"
          >
            <path
              d="M15 3h6v6"
            />
            <path
              d="M10 14 21 3"
            />
            <path
              d="M18 13v6a2 2 0 0 1-2 2H5a2 2 0 0 1-2-2V8a2 2 0 0 1 2-2h6"
            />
          </svg>
        </a>
      </div>
    </div>
  </div>
</div>
`;
