// Jest Snapshot v1, https://goo.gl/fbAQLP

exports[`CompanyDetail Component matches snapshot 1`] = `
<div>
  <div
    class="bg-white dark:bg-gray-800 rounded-lg shadow-lg overflow-hidden max-w-6xl mx-auto"
  >
    <div
      class="relative h-60 bg-white dark:bg-gray-900 p-8 flex items-center justify-center"
    >
      <img
        alt="Test Company logo"
        class="max-h-full max-w-full object-contain"
        src="test-logo.png"
        style="max-height: 70%; max-width: 70%;"
      />
      <div
        class="absolute top-4 left-4"
      >
        <button
          aria-label="Go back"
          class="p-2 bg-white/90 dark:bg-gray-800/90 rounded-full shadow-md hover:bg-white dark:hover:bg-gray-700 transition-colors duration-200"
        >
          <svg
            class="lucide lucide-arrow-left w-5 h-5 text-gray-700 dark:text-gray-300"
            fill="none"
            height="24"
            stroke="currentColor"
            stroke-linecap="round"
            stroke-linejoin="round"
            stroke-width="2"
            viewBox="0 0 24 24"
            width="24"
            xmlns="http://www.w3.org/2000/svg"
          >
            <path
              d="m12 19-7-7 7-7"
            />
            <path
              d="M19 12H5"
            />
          </svg>
        </button>
      </div>
      <div
        class="absolute top-4 right-4"
      >
        <button
          aria-label="Download company information"
          class="p-2 bg-white/90 dark:bg-gray-800/90 rounded-full shadow-md hover:bg-white dark:hover:bg-gray-700 transition-colors duration-200 ml-2"
        >
          <svg
            class="lucide lucide-download w-5 h-5 text-gray-700 dark:text-gray-300"
            fill="none"
            height="24"
            stroke="currentColor"
            stroke-linecap="round"
            stroke-linejoin="round"
            stroke-width="2"
            viewBox="0 0 24 24"
            width="24"
            xmlns="http://www.w3.org/2000/svg"
          >
            <path
              d="M21 15v4a2 2 0 0 1-2 2H5a2 2 0 0 1-2-2v-4"
            />
            <polyline
              points="7 10 12 15 17 10"
            />
            <line
              x1="12"
              x2="12"
              y1="15"
              y2="3"
            />
          </svg>
        </button>
      </div>
    </div>
    <div
      class="p-6"
    >
      <h1
        class="text-3xl font-bold text-gray-900 dark:text-white mb-4"
      >
        Test Company
      </h1>
      <p
        class="text-gray-700 dark:text-gray-300 mb-6"
      >
        A test company description
      </p>
      <div
        class="mb-8"
      >
        <h2
          class="text-xl font-bold text-gray-900 dark:text-white mb-4"
        >
          Interview Process
        </h2>
        <div
          class="space-y-6"
        >
          <div>
            <h3
              class="text-lg font-medium text-gray-900 dark:text-white mb-3"
            >
              Stages
            </h3>
            <ol
              class="relative border-l border-gray-300 dark:border-gray-700 ml-3 space-y-6"
            >
              <li
                class="ml-6"
              >
                <span
                  class="absolute flex items-center justify-center w-6 h-6 bg-indigo-100 dark:bg-indigo-900 rounded-full -left-3 ring-8 ring-white dark:ring-gray-800"
                >
                  <span
                    class="text-xs font-medium text-indigo-800 dark:text-indigo-200"
                  >
                    1
                  </span>
                </span>
                <h4
                  class="text-md font-semibold text-gray-900 dark:text-white"
                >
                  Phone Screen
                </h4>
                <p
                  class="text-sm text-gray-600 dark:text-gray-400"
                >
                  Initial technical screen
                </p>
              </li>
              <li
                class="ml-6"
              >
                <span
                  class="absolute flex items-center justify-center w-6 h-6 bg-indigo-100 dark:bg-indigo-900 rounded-full -left-3 ring-8 ring-white dark:ring-gray-800"
                >
                  <span
                    class="text-xs font-medium text-indigo-800 dark:text-indigo-200"
                  >
                    2
                  </span>
                </span>
                <h4
                  class="text-md font-semibold text-gray-900 dark:text-white"
                >
                  Onsite Interview
                </h4>
                <p
                  class="text-sm text-gray-600 dark:text-gray-400"
                >
                  In-person interviews
                </p>
              </li>
            </ol>
          </div>
          <div>
            <h3
              class="text-lg font-medium text-gray-900 dark:text-white mb-3"
            >
              Question Types
            </h3>
            <div
              class="grid grid-cols-1 md:grid-cols-2 gap-4"
            >
              <div
                class="bg-gray-50 dark:bg-gray-900 p-4 rounded-lg"
              >
                <div
                  class="flex justify-between items-center mb-2"
                >
                  <h4
                    class="font-medium text-gray-900 dark:text-white"
                  >
                    System Design
                  </h4>
                  <span
                    class="px-2 py-1 text-xs rounded-full bg-red-100 text-red-800 dark:bg-red-900 dark:text-red-200"
                  >
                    High
                     Frequency
                  </span>
                </div>
                <p
                  class="text-sm text-gray-600 dark:text-gray-400"
                >
                  Large-scale system design questions
                </p>
              </div>
              <div
                class="bg-gray-50 dark:bg-gray-900 p-4 rounded-lg"
              >
                <div
                  class="flex justify-between items-center mb-2"
                >
                  <h4
                    class="font-medium text-gray-900 dark:text-white"
                  >
                    Algorithms
                  </h4>
                  <span
                    class="px-2 py-1 text-xs rounded-full bg-amber-100 text-amber-800 dark:bg-amber-900 dark:text-amber-200"
                  >
                    Medium
                     Frequency
                  </span>
                </div>
                <p
                  class="text-sm text-gray-600 dark:text-gray-400"
                >
                  Common algorithm problems
                </p>
              </div>
            </div>
          </div>
          <div>
            <h3
              class="text-lg font-medium text-gray-900 dark:text-white mb-2"
            >
              Process Information
            </h3>
            <div
              class="bg-gray-50 dark:bg-gray-900 p-4 rounded-lg"
            >
              <div
                class="mb-2"
              >
                <span
                  class="font-medium text-gray-700 dark:text-gray-300"
                >
                  Average Duration: 
                </span>
                <span
                  class="text-gray-600 dark:text-gray-400"
                >
                  4 hours
                </span>
              </div>
            </div>
          </div>
        </div>
      </div>
      <div>
        <h2
          class="text-xl font-bold text-gray-900 dark:text-white mb-4"
        >
          YouTube Videos
        </h2>
        <div
          class="grid grid-cols-1 md:grid-cols-2 gap-6"
        >
          <div
            class="bg-gray-50 dark:bg-gray-900 p-4 rounded-lg"
          >
            <div
              class="flex items-center mb-2"
            >
              <h3
                class="font-medium text-gray-900 dark:text-white flex-1"
              >
                Tech Interview Tips
              </h3>
              <a
                class="text-indigo-600 dark:text-indigo-400 hover:text-indigo-800 dark:hover:text-indigo-200 transition-colors duration-200"
                href="https://youtube.com/video1"
                rel="noopener noreferrer"
                target="_blank"
              >
                Watch
              </a>
            </div>
            <img
              alt="Tech Interview Tips thumbnail"
              class="w-full h-32 object-cover rounded-lg"
              src="https://youtube.com/thumbnail1"
            />
          </div>
        </div>
      </div>
      <div>
        <h2
          class="text-xl font-bold text-gray-900 dark:text-white mb-4"
        >
          Career Pages
        </h2>
        <div
          class="grid grid-cols-1 sm:grid-cols-2 gap-4"
        >
          <a
            class="flex items-center justify-between p-4 bg-indigo-50 dark:bg-indigo-900/40 rounded-lg hover:bg-indigo-100 dark:hover:bg-indigo-900/60 transition-colors duration-200"
            href="https://test.com/careers/software-engineering"
            rel="noopener noreferrer"
            target="_blank"
          >
            <span
              class="font-medium text-indigo-900 dark:text-indigo-200"
            >
              Software Engineering
            </span>
            <svg
              class="lucide lucide-external-link w-4 h-4 text-indigo-700 dark:text-indigo-300"
              fill="none"
              height="24"
              stroke="currentColor"
              stroke-linecap="round"
              stroke-linejoin="round"
              stroke-width="2"
              viewBox="0 0 24 24"
              width="24"
              xmlns="http://www.w3.org/2000/svg"
            >
              <path
                d="M15 3h6v6"
              />
              <path
                d="M10 14 21 3"
              />
              <path
                d="M18 13v6a2 2 0 0 1-2 2H5a2 2 0 0 1-2-2V8a2 2 0 0 1 2-2h6"
              />
            </svg>
          </a>
          <a
            class="flex items-center justify-between p-4 bg-teal-50 dark:bg-teal-900/40 rounded-lg hover:bg-teal-100 dark:hover:bg-teal-900/60 transition-colors duration-200"
            href="https://test.com/careers/data-science"
            rel="noopener noreferrer"
            target="_blank"
          >
            <span
              class="font-medium text-teal-900 dark:text-teal-200"
            >
              Data Science
            </span>
            <svg
              class="lucide lucide-external-link w-4 h-4 text-teal-700 dark:text-teal-300"
              fill="none"
              height="24"
              stroke="currentColor"
              stroke-linecap="round"
              stroke-linejoin="round"
              stroke-width="2"
              viewBox="0 0 24 24"
              width="24"
              xmlns="http://www.w3.org/2000/svg"
            >
              <path
                d="M15 3h6v6"
              />
              <path
                d="M10 14 21 3"
              />
              <path
                d="M18 13v6a2 2 0 0 1-2 2H5a2 2 0 0 1-2-2V8a2 2 0 0 1 2-2h6"
              />
            </svg>
          </a>
          <a
            class="flex items-center justify-between p-4 bg-amber-50 dark:bg-amber-900/40 rounded-lg hover:bg-amber-100 dark:hover:bg-amber-900/60 transition-colors duration-200"
            href="https://test.com/careers/product-management"
            rel="noopener noreferrer"
            target="_blank"
          >
            <span
              class="font-medium text-amber-900 dark:text-amber-200"
            >
              Product Management
            </span>
            <svg
              class="lucide lucide-external-link w-4 h-4 text-amber-700 dark:text-amber-300"
              fill="none"
              height="24"
              stroke="currentColor"
              stroke-linecap="round"
              stroke-linejoin="round"
              stroke-width="2"
              viewBox="0 0 24 24"
              width="24"
              xmlns="http://www.w3.org/2000/svg"
            >
              <path
                d="M15 3h6v6"
              />
              <path
                d="M10 14 21 3"
              />
              <path
                d="M18 13v6a2 2 0 0 1-2 2H5a2 2 0 0 1-2-2V8a2 2 0 0 1 2-2h6"
              />
            </svg>
          </a>
          <a
            class="flex items-center justify-between p-4 bg-blue-50 dark:bg-blue-900/40 rounded-lg hover:bg-blue-100 dark:hover:bg-blue-900/60 transition-colors duration-200"
            href="https://test.com/careers/business"
            rel="noopener noreferrer"
            target="_blank"
          >
            <span
              class="font-medium text-blue-900 dark:text-blue-200"
            >
              Business Roles
            </span>
            <svg
              class="lucide lucide-external-link w-4 h-4 text-blue-700 dark:text-blue-300"
              fill="none"
              height="24"
              stroke="currentColor"
              stroke-linecap="round"
              stroke-linejoin="round"
              stroke-width="2"
              viewBox="0 0 24 24"
              width="24"
              xmlns="http://www.w3.org/2000/svg"
            >
              <path
                d="M15 3h6v6"
              />
              <path
                d="M10 14 21 3"
              />
              <path
                d="M18 13v6a2 2 0 0 1-2 2H5a2 2 0 0 1-2-2V8a2 2 0 0 1 2-2h6"
              />
            </svg>
          </a>
        </div>
      </div>
      <section
        class="mt-8"
      >
        <h3
          class="text-2xl font-bold mb-4 text-indigo-800 dark:text-indigo-200"
        >
          YouTube Tutorials
        </h3>
        <div
          class="grid grid-cols-1 sm:grid-cols-2 md:grid-cols-3 gap-6"
        >
          <a
            class="block rounded-lg shadow hover:shadow-lg transition-shadow bg-white dark:bg-gray-800 border border-gray-200 dark:border-gray-700 overflow-hidden"
            href="https://youtube.com/video1"
            rel="noopener noreferrer"
            target="_blank"
          >
            <img
              alt="Tech Interview Tips"
              class="w-full h-40 object-cover"
              src="https://youtube.com/thumbnail1"
            />
            <div
              class="p-3"
            >
              <div
                class="font-semibold text-gray-900 dark:text-white text-base mb-1"
              >
                Tech Interview Tips
              </div>
              <div
                class="text-xs text-blue-600 hover:underline"
              >
                Watch on YouTube
              </div>
            </div>
          </a>
        </div>
      </section>
    </div>
  </div>
</div>
`;
