// Jest Snapshot v1, https://goo.gl/fbAQLP

exports[`Filters Component matches snapshot 1`] = `
<div>
  <div
    class="mb-6"
  >
    <div
      class="flex items-center justify-between"
    >
      <button
        class="flex items-center px-4 py-2 bg-indigo-100 dark:bg-indigo-900 text-indigo-800 dark:text-indigo-200 rounded-lg hover:bg-indigo-200 dark:hover:bg-indigo-800 transition-colors duration-200"
      >
        <svg
          class="lucide lucide-filter w-4 h-4 mr-2"
          fill="none"
          height="24"
          stroke="currentColor"
          stroke-linecap="round"
          stroke-linejoin="round"
          stroke-width="2"
          viewBox="0 0 24 24"
          width="24"
          xmlns="http://www.w3.org/2000/svg"
        >
          <polygon
            points="22 3 2 3 10 12.46 10 19 14 21 14 12.46 22 3"
          />
        </svg>
        <span>
          Filters
        </span>
      </button>
    </div>
  </div>
</div>
`;
